src/meetings/meetings.controller.ts(88,49): error TS2554: Expected 0-1 arguments, but got 2.
src/meetings/meetings.controller.ts(178,5): error TS2322: Type 'void' is not assignable to type 'MeetingResponseDto'.
